<html>
<body>
<pre>
<h1>µVision Build Log</h1>
<h2>Tool Versions:</h2>
IDE-Version: ¦ÌVision V5.20.0.0
Copyright (C) 2016 ARM Ltd and ARM Germany GmbH. All rights reserved.
License Information: li007 li007, wqe, LIC=GE7DL-0VMSS-UMK9A-1K110-MM33H-JZ98L
 
Tool Versions:
Toolchain:       MDK-ARM Professional  Version: 5.20
Toolchain Path:  E:\keil5\ARM\ARMCC\Bin
C Compiler:      Armcc.exe V5.06 update 2 (build 183)
Assembler:       Armasm.exe V5.06 update 2 (build 183)
Linker/Locator:  ArmLink.exe V5.06 update 2 (build 183)
Library Manager: ArmAr.exe V5.06 update 2 (build 183)
Hex Converter:   FromElf.exe V5.06 update 2 (build 183)
CPU DLL:         SARMCM3.DLL V5.20
Dialog DLL:      DARMSTM.DLL V1.66.0.0
Target DLL:      coocox-agdi.dll V???
Dialog DLL:      TARMSTM.DLL V1.65.0.0
 
<h2>Project:</h2>
C:\Users\li007\Desktop\À¶ÇÅ±­Á·Ï°¿Õ¼ä\12½ìÄ£ÄâÌâ\12Ä£Äâ\Project\CT117E-LCD.uvproj
Project File Date:  05/10/2022

<h2>Output:</h2>
*** Using Compiler 'V5.06 update 2 (build 183)', folder: 'E:\keil5\ARM\ARMCC\Bin'
Build target 'Target 1'
compiling main.c...
..\Sre\adc.h(4): warning:  #1295-D: Deprecated declaration volt_adc - give arg types
  float volt_adc();
..\Sre\adc.h(5): warning:  #1295-D: Deprecated declaration Init_adc - give arg types
  void Init_adc();
..\Sre\adc.h(7): warning:  #1-D: last line of file ends without a newline
  #endif
..\Sre\usart.h(4): warning:  #1295-D: Deprecated declaration Init_usart - give arg types
  void Init_usart();
..\Sre\usart.h(6): warning:  #1-D: last line of file ends without a newline
  #endif
..\Sre\key.h(4): warning:  #1295-D: Deprecated declaration Init_key - give arg types
  void Init_key();
..\Sre\led.h(15): warning:  #1295-D: Deprecated declaration Init_led - give arg types
  void Init_led();
..\Sre\led.h(17): warning:  #1-D: last line of file ends without a newline
  #endif
..\Sre\main.c(26): warning:  #1295-D: Deprecated declaration UI_DATA - give arg types
  void UI_DATA();
..\Sre\main.c(27): warning:  #1295-D: Deprecated declaration UI_PARA - give arg types
  void UI_PARA();
..\Sre\main.c(28): warning:  #1295-D: Deprecated declaration UART_handle - give arg types
  void UART_handle();
..\Sre\main.c(29): warning:  #1295-D: Deprecated declaration LED_handle - give arg types
  void LED_handle();
..\Sre\main.c(30): warning:  #1295-D: Deprecated declaration to_obtain_voltage - give arg types
  void to_obtain_voltage(); 
..\Sre\main.c(31): warning:  #1295-D: Deprecated declaration determine_tim - give arg types
  void determine_tim();
..\Sre\main.c(184): warning:  #223-D: function "sprintf" declared implicitly
  		sprintf(disbuff," V:%.2fV      ", volt_adc());
..\Sre\main.c(194): warning:  #223-D: function "sprintf" declared implicitly
  		sprintf(disbuff," Vmax:%.1fV  ", Vmax);
..\Sre\main.c(225): warning:  #1-D: last line of file ends without a newline
  }
..\Sre\main.c: 17 warnings, 0 errors
linking...
Program Size: Code=14424 RO-data=4828 RW-data=104 ZI-data=1240  
FromELF: creating hex file...
"..\Output\CT117E-LCD.axf" - 0 Error(s), 17 Warning(s).
Build Time Elapsed:  00:00:03
</pre>
</body>
</html>
